// Jest Snapshot v1, https://goo.gl/fbAQLP

exports[`Prueba en <GifItem> snapshot 1`] = `
<div>
  <div
    class="card"
  >
    <img
      alt="Saitama"
      src="https://one-punch.com/saitama.jpg"
    />
    <h4>
      Saitama
    </h4>
  </div>
</div>
`;
